Microchip Technology Inc, v2.10 (B)

Tool Name:
  c:\program files\microchip\xc16\v2.10\bin\bin\..\bin/elf-ld.exe

Command:
  -TC:\\Users\\angel\\AppData\\Local\\Temp\\tmp000011e4.00 \
  -TC:\\Users\\angel\\AppData\\Local\\Temp\\tmp000011e4.01 \
  -TC:\\Users\\angel\\AppData\\Local\\Temp\\tmp000011e4.02 \
  -TC:\\Users\\angel\\AppData\\Local\\Temp\\tmp000011e4.03 \
  -TC:\\Users\\angel\\AppData\\Local\\Temp\\tmp000011e4.04 \
  -p33FJ32MC204 \
  --mdfp=C:/Users/angel/.mchp_packs/Microchip/dsPIC33F-GP-MC_DFP/1.4.235/xc16 \
  -o \
  dist/default/debug/DistanciaProyecto.X.debug.elf \
  -Lc:/program files/microchip/xc16/v2.10/bin/bin/.. \
  -LC:/Users/angel/.mchp_packs/Microchip/dsPIC33F-GP-MC_DFP/1.4.235/xc16/bin/../support/PIC24H/gld \
  -LC:/Users/angel/.mchp_packs/Microchip/dsPIC33F-GP-MC_DFP/1.4.235/xc16/bin/../support/dsPIC33F/gld \
  -Lc:/program files/microchip/xc16/v2.10/bin/bin/../../lib \
  -Lc:/program files/microchip/xc16/v2.10/bin/bin/../../lib/PIC24E \
  -Lc:/program files/microchip/xc16/v2.10/bin/bin/../../support/PIC24E/gld \
  -Lc:/program files/microchip/xc16/v2.10/bin/bin/../../lib/PIC24F \
  -Lc:/program files/microchip/xc16/v2.10/bin/bin/../../support/PIC24F/gld \
  -Lc:/program files/microchip/xc16/v2.10/bin/bin/../../lib/PIC24H \
  -Lc:/program files/microchip/xc16/v2.10/bin/bin/../../support/PIC24H/gld \
  -Lc:/program files/microchip/xc16/v2.10/bin/bin/../../lib/dsPIC30F \
  -Lc:/program files/microchip/xc16/v2.10/bin/bin/../../support/dsPIC30F/gld \
  -Lc:/program files/microchip/xc16/v2.10/bin/bin/../../support/dsPIC33C/gld \
  -Lc:/program files/microchip/xc16/v2.10/bin/bin/../../lib/dsPIC33E \
  -Lc:/program files/microchip/xc16/v2.10/bin/bin/../../support/dsPIC33E/gld \
  -Lc:/program files/microchip/xc16/v2.10/bin/bin/../../lib/dsPIC33F \
  -Lc:/program files/microchip/xc16/v2.10/bin/bin/../../support/dsPIC33F/gld \
  build/default/debug/main.o \
  --defsym=__MPLAB_BUILD=1 \
  --defsym=__MPLAB_DEBUG=1 \
  --defsym=__DEBUG=1 \
  --defsym=__MPLAB_DEBUGGER_PK3=1 \
  -Tp33FJ32MC204.gld.05 \
  --stack=16 \
  --check-sections \
  --data-init \
  --pack-data \
  --handles \
  --isr \
  --no-gc-sections \
  --fill-upper=0 \
  --stackguard=16 \
  --no-force-link \
  --smart-io \
  -Map=dist/default/debug/DistanciaProyecto.X.debug.map \
  --report-mem \
  --memorysummary \
  dist/default/debug/memoryfile.xml \
  -start-group \
  --library=c99-pic30-elf \
  --library=m-elf \
  --library=c99-elf \
  -end-group \

Archive member included because of file (symbol)

c:/program files/microchip/xc16/v2.10/bin/bin/../../lib/dsPIC33F\libp33FJ32MC204-elf.a(OpenTimer1.o)
                              build/default/debug/main.o (_OpenTimer1)
c:/program files/microchip/xc16/v2.10/bin/bin/../../lib/dsPIC33F\libp33FJ32MC204-elf.a(OpenTimer2.o)
                              build/default/debug/main.o (_OpenTimer2)
c:/program files/microchip/xc16/v2.10/bin/bin/../../lib/dsPIC33F\libp33FJ32MC204-elf.a(OpenTimer3.o)
                              build/default/debug/main.o (_OpenTimer3)
c:/program files/microchip/xc16/v2.10/bin/bin/../../lib/dsPIC33F\libp33FJ32MC204-elf.a(OpenUART1.o)
                              build/default/debug/main.o (_OpenUART1)
c:/program files/microchip/xc16/v2.10/bin/bin/../../lib/dsPIC33F\libp33FJ32MC204-elf.a(WriteUART1.o)
                              build/default/debug/main.o (_WriteUART1)
c:/program files/microchip/xc16/v2.10/bin/bin/../../lib\libc99-pic30-elf.a(crt0_standard.o)
                              (__resetPRI)
c:/program files/microchip/xc16/v2.10/bin/bin/../../lib\libc99-pic30-elf.a(data_init_standard.o)
                              c:/program files/microchip/xc16/v2.10/bin/bin/../../lib\libc99-pic30-elf.a(crt0_standard.o) (__data_init_standard)
c:/program files/microchip/xc16/v2.10/bin/bin/../../lib\libc99-pic30-elf.a(crt_start_mode_normal.Meo)
                              (__crt_start_mode_normal)
c:/program files/microchip/xc16/v2.10/bin/bin/../../lib\libc99-pic30-elf.a(delay32.Meo)
                              build/default/debug/main.o (___delay32)
c:/program files/microchip/xc16/v2.10/bin/bin/../../lib\libc99-pic30-elf.a(floatunsisf.XX_o)
                              build/default/debug/main.o (___floatunsisf)
c:/program files/microchip/xc16/v2.10/bin/bin/../../lib\libc99-pic30-elf.a(divsf3x.XX_o)
                              build/default/debug/main.o (___divsf3)
c:/program files/microchip/xc16/v2.10/bin/bin/../../lib\libc99-pic30-elf.a(mulsf3x.XX_o)
                              build/default/debug/main.o (___mulsf3)
c:/program files/microchip/xc16/v2.10/bin/bin/../../lib\libc99-pic30-elf.a(dnrmpackfx.XX_o)
                              c:/program files/microchip/xc16/v2.10/bin/bin/../../lib\libc99-pic30-elf.a(mulsf3x.XX_o) (__dnrmpackf)
c:/program files/microchip/xc16/v2.10/bin/bin/../../lib\libc99-pic30-elf.a(unpackdnrmfx.XX_o)
[...]
Memory Configuration

Name             Origin             Length             Attributes
data             0x000800           0x000800           a !xr
reset            0x000000           0x000004  
ivt              0x000004           0x0000fc  
_reserved        0x000100           0x000004  
aivt             0x000104           0x0000fc  
program          0x000200           0x005600           xr
FBS              0xf80000           0x000002  
FGS              0xf80004           0x000002  
FOSCSEL          0xf80006           0x000002  
FOSC             0xf80008           0x000002  
FWDT             0xf8000a           0x000002  
FPOR             0xf8000c           0x000002  
FICD             0xf8000e           0x000002  
FUID0            0xf80010           0x000002  
FUID1            0xf80012           0x000002  
FUID2            0xf80014           0x000002  
FUID3            0xf80016           0x000002  
*default*        0x000000           0xffffffff  

Linker script and memory map


reserve_data_0x800
                    0x0800         0x20
                    0x0820                  . = 0x20
 *fill*             0x0800         0x2000

reserve_data_0x820
                    0x0820          0x2
                    0x0822                  . = 0x2
 *fill*             0x0820          0x200

reserve_data_0x822
                    0x0822          0x2
                    0x0824                  . = 0x2
 *fill*             0x0822          0x200

reserve_data_0x824
                    0x0824          0x2
                    0x0826                  . = 0x2
 *fill*             0x0824          0x200

reserve_data_0x826
                    0x0826         0x2a
                    0x0850                  . = 0x2a
 *fill*             0x0826         0x2a00
LOAD build/default/debug/main.o
                    0x0001                  __MPLAB_BUILD = 0x1
                    0x0001                  __MPLAB_DEBUG = 0x1
                    0x0001                  __DEBUG = 0x1
                    0x0001                  __MPLAB_DEBUGGER_PK3 = 0x1
LOAD c:/program files/microchip/xc16/v2.10/bin/bin/../../lib/dsPIC33F\libp33FJ32MC204-elf.a
LOAD c:/program files/microchip/xc16/v2.10/bin/bin/../../lib\libfx-elf.a
                    0xf80000                  __FBS = 0xf80000
                    0xf80004                  __FGS = 0xf80004
                    0xf80006                  __FOSCSEL = 0xf80006
                    0xf80008                  __FOSC = 0xf80008
                    0xf8000a                  __FWDT = 0xf8000a
                    0xf8000c                  __FPOR = 0xf8000c
                    0xf8000e                  __FICD = 0xf8000e
                    0xf80010                  __FUID0 = 0xf80010
                    0xf80012                  __FUID1 = 0xf80012
                    0xf80014                  __FUID2 = 0xf80014
                    0xf80016                  __FUID3 = 0xf80016
                    0x0001                  __NO_HANDLES = 0x1
                    0x0200                  __CODE_BASE = 0x200
                    0x5600                  __CODE_LENGTH = 0x5600
                    0x0004                  __IVT_BASE = 0x4
                    0x0104                  __AIVT_BASE = 0x104
                    0x0800                  __DATA_BASE = 0x800
                    0x0800                  __DATA_LENGTH = 0x800
                    0x0c00                  __YDATA_BASE = 0xc00
                    0x1000                  __YDATA_END = 0x1000

.reset            0x000000          0x4
                  0x000000          0x2 SHORT 0x200 ABSOLUTE (__reset)
                  0x000001          0x2 SHORT 0x4
                  0x000002          0x2 SHORT 0x0 ((ABSOLUTE (__reset) >> 0x10) & 0x7f)
                  0x000003          0x2 SHORT 0x0

.text             0x000200       0x1b26
 *(.init)
 .init            0x000200         0x4c c:/program files/microchip/xc16/v2.10/bin/bin/../../lib\libc99-pic30-elf.a(crt0_standard.o)
                  0x000200                  __resetPRI
                  0x000200                  __reset
                  0x00023c                  __psv_init
 .init            0x00024c         0x7c c:/program files/microchip/xc16/v2.10/bin/bin/../../lib\libc99-pic30-elf.a(data_init_standard.o)
                  0x000252                  __data_init_standard
                  0x000252                  __data_init
 *(.user_init)
 *(.handle)
 *(.isr*)
 .isr.text        0x0002c8         0x4e build/default/debug/main.o
                  0x0002c8                  __T1Interrupt
                  0x0002e2                  __T2Interrupt
                  0x0002fc                  __T3Interrupt
 .isr             0x000316          0x4 default_isr
                  0x000316                  __DefaultInterrupt
 *(.libc)
 *(.libm)
 *(.libdsp)
 *(.lib*)
 .libperi         0x00031a          0x8 c:/program files/microchip/xc16/v2.10/bin/bin/../../lib/dsPIC33F\libp33FJ32MC204-elf.a(OpenTimer1.o)
                  0x00031a                  _OpenTimer1
 .libperi         0x000322          0xa c:/program files/microchip/xc16/v2.10/bin/bin/../../lib/dsPIC33F\libp33FJ32MC204-elf.a(OpenTimer2.o)
                  0x000322                  _OpenTimer2
 .libperi         0x00032c          0x8 c:/program files/microchip/xc16/v2.10/bin/bin/../../lib/dsPIC33F\libp33FJ32MC204-elf.a(OpenTimer3.o)
                  0x00032c                  _OpenTimer3
 .libperi         0x000334          0x8 c:/program files/microchip/xc16/v2.10/bin/bin/../../lib/dsPIC33F\libp33FJ32MC204-elf.a(OpenUART1.o)
                  0x000334                  _OpenUART1
 .libperi         0x00033c          0xe c:/program files/microchip/xc16/v2.10/bin/bin/../../lib/dsPIC33F\libp33FJ32MC204-elf.a(WriteUART1.o)
                  0x00033c                  _WriteUART1
 .libpic30_crt_start_mode
                  0x00034a          0x2 c:/program files/microchip/xc16/v2.10/bin/bin/../../lib\libc99-pic30-elf.a(crt_start_mode_normal.Meo)
                  0x00034a                  __crt_start_mode
                  0x00034a                  __crt_start_mode_normal
 .libm.floatunsisf
                  0x00034c          0x4 c:/program files/microchip/xc16/v2.10/bin/bin/../../lib\libc99-pic30-elf.a(floatunsisf.XX_o)
                  0x00034c                  ___floatunsisf
 .libmx           0x000350        0x1be c:/program files/microchip/xc16/v2.10/bin/bin/../../lib\libc99-pic30-elf.a(divsf3x.XX_o)
                  0x000350                  ___divsf3x
                  0x000350                  ___divsf3
                  0x0004e2                  __sdivf
 .libmx           0x00050e        0x10c c:/program files/microchip/xc16/v2.10/bin/bin/../../lib\libc99-pic30-elf.a(mulsf3x.XX_o)
                  0x00050e                  ___mulsf3x
                  0x00050e                  ___mulsf3
 .libmx           0x00061a         0x54 c:/program files/microchip/xc16/v2.10/bin/bin/../../lib\libc99-pic30-elf.a(dnrmpackfx.XX_o)
                  0x00061a                  __dnrmpackf
 .libmx           0x00066e         0x5e c:/program files/microchip/xc16/v2.10/bin/bin/../../lib\libc99-pic30-elf.a(unpackdnrmfx.XX_o)
                  0x00066e                  __unpackdnrmf
 .libmx           0x0006cc         0x34 c:/program files/microchip/xc16/v2.10/bin/bin/../../lib\libc99-pic30-elf.a(typefx.XX_o)
                  0x0006cc                  __typef
 .libmx           0x000700         0x12 c:/program files/microchip/xc16/v2.10/bin/bin/../../lib\libc99-pic30-elf.a(propnanfx.XX_o)
                  0x000700                  __propnanf
 .libmx           0x000712         0xa6 c:/program files/microchip/xc16/v2.10/bin/bin/../../lib\libc99-pic30-elf.a(spackfx.XX_o)
                  0x000712                  __spackf
 .libmx           0x0007b8         0x66 c:/program files/microchip/xc16/v2.10/bin/bin/../../lib\libc99-pic30-elf.a(unpackfx.XX_o)
                  0x0007b8                  __unpackf
 .libm.floatundisf
                  0x00081e         0x5e c:/program files/microchip/xc16/v2.10/bin/bin/../../lib\libc99-pic30-elf.a(floatundisf.XX_o)
                  0x00081e                  ___floatundisf
 .libm.fpack      0x00087c         0x4c c:/program files/microchip/xc16/v2.10/bin/bin/../../lib\libc99-pic30-elf.a(fpack.XX_o)
                  0x00087c                  __fpack
 .libc.__wrap_sprintf
                  0x0008c8          0xc c:/program files/microchip/xc16/v2.10/bin/bin/../../lib\libc99-elf.a(__sio_sprintf_f.XX_o)
                  0x0008c8                  __dsprintf_eEfF
                  0x0008c8                  __sprintf_eEfFgG
                  0x0008c8                  __dsprintf_eEfFgG
                  0x0008c8                  __sprintf_fF
                  0x0008c8                  __sprintf_eEfF
                  0x0008c8                  __dsprintf_gG
                  0x0008c8                  __dsprintf_eEgG
                  0x0008c8                  __sprintf_gG
                  0x0008c8                  __dsprintf_fF
                  0x0008c8                  __dsprintf_eE
                  0x0008c8                  __sprintf_fFgG
                  0x0008c8                  __sprintf_eEgG
                  0x0008c8                  __sprintf_eE
                  0x0008c8                  __dsprintf_fFgG
 .libc.__sio_sprintf_f
                  0x0008d4          0x4 c:/program files/microchip/xc16/v2.10/bin/bin/../../lib\libc99-elf.a(__sio_sprintf_f.XX_o)
                  0x0008d4                  ___sio_sprintf_f
 .libc.__LONG_DOUBLE_BITS
                  0x0008d8          0x2 c:/program files/microchip/xc16/v2.10/bin/bin/../../lib\libc99-elf.a(__fmt_fp.XX_o)
 .libc.__fmt_fp
                  0x0008da        0x5b6 c:/program files/microchip/xc16/v2.10/bin/bin/../../lib\libc99-elf.a(__fmt_fp.XX_o)
                  0x0008da                  ___fmt_f_needed
                  0x0008da                  ___fmt_fp
 .libc.__vsprintf
                  0x000e90          0x8 c:/program files/microchip/xc16/v2.10/bin/bin/../../lib\libc99-elf.a(__int_vsprintf.XX_o)
                  0x000e90                  ___vsprintf
 .libc.__pop_float
                  0x000e98         0x3e c:/program files/microchip/xc16/v2.10/bin/bin/../../lib\libc99-elf.a(__pop_float.XX_o)
                  0x000e98                  ___pop_float
                  0x000e98                  ___pop_float_needed
 .libc.__string_out
                  0x000ed6         0x26 c:/program files/microchip/xc16/v2.10/bin/bin/../../lib\libc99-elf.a(__printf_core.XX_o)
                  0x000ed6                  ___out
 .libc.__pad      0x000efc         0x74 c:/program files/microchip/xc16/v2.10/bin/bin/../../lib\libc99-elf.a(__printf_core.XX_o)
                  0x000efc                  ___pad
 .libc.__dummy_fmt3
                  0x000f70          0x2 c:/program files/microchip/xc16/v2.10/bin/bin/../../lib\libc99-elf.a(__printf_core.XX_o)
                  0x000f70                  ___fmt_u
                  0x000f70                  ___fmt_o
                  0x000f70                  ___fmt_d
 .libc.__dummy_fmt4
                  0x000f72          0x2 c:/program files/microchip/xc16/v2.10/bin/bin/../../lib\libc99-elf.a(__printf_core.XX_o)
                  0x000f72                  ___fmt_a
                  0x000f72                  ___fmt_x
 .libc.__dummy_fmts
                  0x000f74          0x2 c:/program files/microchip/xc16/v2.10/bin/bin/../../lib\libc99-elf.a(__printf_core.XX_o)
                  0x000f74                  ___fmt_s
 .libc.__fmt_state
                  0x000f76         0x2c c:/program files/microchip/xc16/v2.10/bin/bin/../../lib\libc99-elf.a(__printf_core.XX_o)
                  0x000f76                  ___fmt_state
 .libc.vfpfcnvrt.clone.0
                  0x000fa2        0x2d8 c:/program files/microchip/xc16/v2.10/bin/bin/../../lib\libc99-elf.a(__printf_core.XX_o)
 .libc.__printf_core
                  0x00127a         0x40 c:/program files/microchip/xc16/v2.10/bin/bin/../../lib\libc99-elf.a(__printf_core.XX_o)
                  0x00127a                  ___printf_core
 .libc.__isspace
                  0x0012ba         0x14 c:/program files/microchip/xc16/v2.10/bin/bin/../../lib\libc99-elf.a(atoi.XX_o)
 .libc.atoi       0x0012ce         0x4c c:/program files/microchip/xc16/v2.10/bin/bin/../../lib\libc99-elf.a(atoi.XX_o)
                  0x0012ce                  _atoi
 .libc.memcpy     0x00131a          0xe c:/program files/microchip/xc16/v2.10/bin/bin/../../lib\libc99-elf.a(memcpy.XX_o)
                  0x00131a                  _memcpy
 .libc.memset     0x001328         0xc8 c:/program files/microchip/xc16/v2.10/bin/bin/../../lib\libc99-elf.a(memset.XX_o)
                  0x001328                  _memset
 .libc.strcpy     0x0013f0          0xe c:/program files/microchip/xc16/v2.10/bin/bin/../../lib\libc99-elf.a(strcpy.XX_o)
                  0x0013f0                  _strcpy
 .libc.strlen     0x0013fe         0x30 c:/program files/microchip/xc16/v2.10/bin/bin/../../lib\libc99-elf.a(strlen.XX_o)
                  0x0013fe                  _strlen
 .libc.tolower    0x00142e          0xc c:/program files/microchip/xc16/v2.10/bin/bin/../../lib\libc99-elf.a(tolower.XX_o)
                  0x00142e                  _tolower
 .libc.__tolower_l
                  0x00143a          0x2 c:/program files/microchip/xc16/v2.10/bin/bin/../../lib\libc99-elf.a(tolower.XX_o)
                  0x00143a                  ___tolower_l
                  0x00143a                  _tolower_l
 .libc.__vsnprintf
                  0x00143c         0x4a c:/program files/microchip/xc16/v2.10/bin/bin/../../lib\libc99-elf.a(__int_vsnprintf.XX_o)
                  0x00143c                  ___vsnprintf
 .libc.__pop_int
                  0x001486         0xa8 c:/program files/microchip/xc16/v2.10/bin/bin/../../lib\libc99-elf.a(__pop_int.XX_o)
                  0x001486                  ___pop_int
                  0x001486                  ___pop_int_needed
 .libc.__pop_ptr
                  0x00152e         0x70 c:/program files/microchip/xc16/v2.10/bin/bin/../../lib\libc99-elf.a(__pop_ptr.XX_o)
                  0x00152e                  ___pop_ptr_needed
                  0x00152e                  ___pop_ptr
 .libc.__stpcpy
                  0x00159e         0x40 c:/program files/microchip/xc16/v2.10/bin/bin/../../lib\libc99-elf.a(stpcpy.XX_o)
                  0x00159e                  ___stpcpy
                  0x00159e                  _stpcpy
 .libc.__vfprintf
                  0x0015de         0x1c c:/program files/microchip/xc16/v2.10/bin/bin/../../lib\libc99-elf.a(__int_vfprintf.XX_o)
                  0x0015de                  ___vfprintf
 .libm.eqdf2      0x0015fa          0xa c:/program files/microchip/xc16/v2.10/bin/bin/../../lib\libc99-pic30-elf.a(deqltle.XX_o)
                  0x0015fa                  ___eqdf2
                  0x0015fa                  ___ltdf2
                  0x0015fa                  ___ledf2
 .libm.gtdf2      0x001604          0xa c:/program files/microchip/xc16/v2.10/bin/bin/../../lib\libc99-pic30-elf.a(dgtge.XX_o)
                  0x001604                  ___gtdf2
                  0x001604                  ___gedf2
 .libm.extendsfdf2
                  0x00160e         0x3e c:/program files/microchip/xc16/v2.10/bin/bin/../../lib\libc99-pic30-elf.a(extendsfdf.XX_o)
                  0x00160e                  ___extendsfdf2
 .libm.fixdfsi    0x00164c         0x58 c:/program files/microchip/xc16/v2.10/bin/bin/../../lib\libc99-pic30-elf.a(fixdfsi.XX_o)
                  0x00164c                  _(float, int, long long, double, float, short, int)
 .libm.funpack    0x0016a4         0x2a c:/program files/microchip/xc16/v2.10/bin/bin/../../lib\libc99-pic30-elf.a(funpack.XX_o)
                  0x0016a4                  __funpack
 .libm.mulsi3     0x0016ce          0xc c:/program files/microchip/xc16/v2.10/bin/bin/../../lib\libc99-pic30-elf.a(mulsi3.XX_o)
                  0x0016ce                  ___mulp32peds3
                  0x0016ce                  ___mulsi3
                  0x0016ce                  ___mulp32eds3
 .lib_dpfops      0x0016da         0xa2 c:/program files/microchip/xc16/v2.10/bin/bin/../../lib\libc99-pic30-elf.a(dpadd.XX_o)
                  0x0016da                  ___subdf3
                  0x0016e6                  ___adddf3
 .lib_dpfops      0x00177c        0x15e c:/program files/microchip/xc16/v2.10/bin/bin/../../lib\libc99-pic30-elf.a(dpdiv.XX_o)
                  0x00177c                  ___divdf3
 .lib_dpfops      0x0018da        0x11a c:/program files/microchip/xc16/v2.10/bin/bin/../../lib\libc99-pic30-elf.a(dpmul.XX_o)
                  0x0018da                  ___muldf3
 .lib_dpfops      0x0019f4        0x128 c:/program files/microchip/xc16/v2.10/bin/bin/../../lib\libc99-pic30-elf.a(dpsubs.XX_o)
                  0x001a0e                  __dxchg
                  0x001a1c                  __drshft
                  0x001a76                  __dupchk
                  0x001ad8                  __drndex
                  0x001ae2                  __dnsrnd
                  0x001b0e                  __dpakex
 .libm.dcompare
                  0x001b1c         0x52 c:/program files/microchip/xc16/v2.10/bin/bin/../../lib\libc99-pic30-elf.a(dcompare.XX_o)
                  0x001b1c                  __dcompare
 .libm.dtype      0x001b6e         0x24 c:/program files/microchip/xc16/v2.10/bin/bin/../../lib\libc99-pic30-elf.a(dtype.XX_o)
                  0x001b6e                  __dtype
 .libm.dunpack    0x001b92         0x4e c:/program files/microchip/xc16/v2.10/bin/bin/../../lib\libc99-pic30-elf.a(dunpack.XX_o)
                  0x001b92                  __dunpack
 .libm.dunpack2
                  0x001be0         0x32 c:/program files/microchip/xc16/v2.10/bin/bin/../../lib\libc99-pic30-elf.a(dunpack2.XX_o)
                  0x001be0                  __dunpack2
                  0x001c02                  __dreturnNaN
                  0x001c08                  __dunpack2exit
 .libm.dPropagateNaN
                  0x001c12         0x1c c:/program files/microchip/xc16/v2.10/bin/bin/../../lib\libc99-pic30-elf.a(dpropagateNaN.XX_o)
                  0x001c12                  __dPropagateNaN
 .libc.floorl     0x001c2e         0xf8 c:/program files/microchip/xc16/v2.10/bin/bin/../../lib\libm-elf.a(floorl.XX_o)
                  0x001c2e                  _floorl

usercode
 *(usercode)

__FBS             0xf80000          0x2
 *(__FBS.sec*)
 __FBS.sec        0xf80000          0x2 /CW/_FBSÊi
                  0xf80000                  __FBS.sec

__FGS             0xf80004          0x2
 *(__FGS.sec*)
 __FGS.sec        0xf80004          0x2 /CW/_FGS€:j
                  0xf80004                  __FGS.sec

__FOSCSEL
 *(__FOSCSEL.sec*)

__FOSC
 *(__FOSC.sec*)

__FWDT
 *(__FWDT.sec*)

__FPOR
 *(__FPOR.sec*)

__FICD
 *(__FICD.sec*)

__FUID0
 *(__FUID0.sec*)

__FUID1
 *(__FUID1.sec*)

__FUID2
 *(__FUID2.sec*)

__FUID3
 *(__FUID3.sec*)

.comment
 *(.comment)

.debug_info       0x000000       0x2794
 *(.debug_info)
 .debug_info      0x000000       0x183b build/default/debug/main.o
 .debug_info      0x00183b         0x91 c:/program files/microchip/xc16/v2.10/bin/bin/../../lib\libc99-pic30-elf.a(floatunsisf.XX_o)
 .debug_info      0x0018cc         0x9d c:/program files/microchip/xc16/v2.10/bin/bin/../../lib\libc99-pic30-elf.a(divsf3x.XX_o)
 .debug_info      0x001969         0x9d c:/program files/microchip/xc16/v2.10/bin/bin/../../lib\libc99-pic30-elf.a(mulsf3x.XX_o)
 .debug_info      0x001a06         0xa0 c:/program files/microchip/xc16/v2.10/bin/bin/../../lib\libc99-pic30-elf.a(dnrmpackfx.XX_o)
 .debug_info      0x001aa6         0xa2 c:/program files/microchip/xc16/v2.10/bin/bin/../../lib\libc99-pic30-elf.a(unpackdnrmfx.XX_o)
 .debug_info      0x001b48         0x9c c:/program files/microchip/xc16/v2.10/bin/bin/../../lib\libc99-pic30-elf.a(typefx.XX_o)
 .debug_info      0x001be4         0x9f c:/program files/microchip/xc16/v2.10/bin/bin/../../lib\libc99-pic30-elf.a(propnanfx.XX_o)
 .debug_info      0x001c83         0x9d c:/program files/microchip/xc16/v2.10/bin/bin/../../lib\libc99-pic30-elf.a(spackfx.XX_o)
 .debug_info      0x001d20         0x9e c:/program files/microchip/xc16/v2.10/bin/bin/../../lib\libc99-pic30-elf.a(unpackfx.XX_o)
 .debug_info      0x001dbe         0x91 c:/program files/microchip/xc16/v2.10/bin/bin/../../lib\libc99-pic30-elf.a(floatundisf.XX_o)
 .debug_info      0x001e4f         0x8b c:/program files/microchip/xc16/v2.10/bin/bin/../../lib\libc99-pic30-elf.a(fpack.XX_o)
 .debug_info      0x001eda         0x8d c:/program files/microchip/xc16/v2.10/bin/bin/../../lib\libc99-pic30-elf.a(deqltle.XX_o)
 .debug_info      0x001f67         0x8b c:/program files/microchip/xc16/v2.10/bin/bin/../../lib\libc99-pic30-elf.a(dgtge.XX_o)
 .debug_info      0x001ff2         0x90 c:/program files/microchip/xc16/v2.10/bin/bin/../../lib\libc99-pic30-elf.a(extendsfdf.XX_o)
 .debug_info      0x002082         0x8d c:/program files/microchip/xc16/v2.10/bin/bin/../../lib\libc99-pic30-elf.a(fixdfsi.XX_o)
 .debug_info      0x00210f         0x8d c:/program files/microchip/xc16/v2.10/bin/bin/../../lib\libc99-pic30-elf.a(funpack.XX_o)
 .debug_info      0x00219c         0x8c c:/program files/microchip/xc16/v2.10/bin/bin/../../lib\libc99-pic30-elf.a(mulsi3.XX_o)
 .debug_info      0x002228         0xa9 c:/program files/microchip/xc16/v2.10/bin/bin/../../lib\libc99-pic30-elf.a(dpadd.XX_o)
 .debug_info      0x0022d1         0xa9 c:/program files/microchip/xc16/v2.10/bin/bin/../../lib\libc99-pic30-elf.a(dpdiv.XX_o)
 .debug_info      0x00237a         0xa9 c:/program files/microchip/xc16/v2.10/bin/bin/../../lib\libc99-pic30-elf.a(dpmul.XX_o)
 .debug_info      0x002423         0xaa c:/program files/microchip/xc16/v2.10/bin/bin/../../lib\libc99-pic30-elf.a(dpsubs.XX_o)
 .debug_info      0x0024cd         0x8e c:/program files/microchip/xc16/v2.10/bin/bin/../../lib\libc99-pic30-elf.a(dcompare.XX_o)
 .debug_info      0x00255b         0x8b c:/program files/microchip/xc16/v2.10/bin/bin/../../lib\libc99-pic30-elf.a(dtype.XX_o)
 .debug_info      0x0025e6         0x8d c:/program files/microchip/xc16/v2.10/bin/bin/../../lib\libc99-pic30-elf.a(dunpack.XX_o)
 .debug_info      0x002673         0x8e c:/program files/microchip/xc16/v2.10/bin/bin/../../lib\libc99-pic30-elf.a(dunpack2.XX_o)
 .debug_info      0x002701         0x93 c:/program files/microchip/xc16/v2.10/bin/bin/../../lib\libc99-pic30-elf.a(dpropagateNaN.XX_o)
 *(.gnu.linkonce.wi.*)

.debug_abbrev     0x000000        0x3b0
 *(.debug_abbrev)
 .debug_abbrev    0x000000        0x1a8 build/default/debug/main.o
 .debug_abbrev    0x0001a8         0x14 c:/program files/microchip/xc16/v2.10/bin/bin/../../lib\libc99-pic30-elf.a(floatunsisf.XX_o)
 .debug_abbrev    0x0001bc         0x14 c:/program files/microchip/xc16/v2.10/bin/bin/../../lib\libc99-pic30-elf.a(divsf3x.XX_o)
 .debug_abbrev    0x0001d0         0x14 c:/program files/microchip/xc16/v2.10/bin/bin/../../lib\libc99-pic30-elf.a(mulsf3x.XX_o)
 .debug_abbrev    0x0001e4         0x14 c:/program files/microchip/xc16/v2.10/bin/bin/../../lib\libc99-pic30-elf.a(dnrmpackfx.XX_o)
 .debug_abbrev    0x0001f8         0x14 c:/program files/microchip/xc16/v2.10/bin/bin/../../lib\libc99-pic30-elf.a(unpackdnrmfx.XX_o)
 .debug_abbrev    0x00020c         0x14 c:/program files/microchip/xc16/v2.10/bin/bin/../../lib\libc99-pic30-elf.a(typefx.XX_o)
 .debug_abbrev    0x000220         0x14 c:/program files/microchip/xc16/v2.10/bin/bin/../../lib\libc99-pic30-elf.a(propnanfx.XX_o)
 .debug_abbrev    0x000234         0x14 c:/program files/microchip/xc16/v2.10/bin/bin/../../lib\libc99-pic30-elf.a(spackfx.XX_o)
 .debug_abbrev    0x000248         0x14 c:/program files/microchip/xc16/v2.10/bin/bin/../../lib\libc99-pic30-elf.a(unpackfx.XX_o)
 .debug_abbrev    0x00025c         0x14 c:/program files/microchip/xc16/v2.10/bin/bin/../../lib\libc99-pic30-elf.a(floatundisf.XX_o)
 .debug_abbrev    0x000270         0x14 c:/program files/microchip/xc16/v2.10/bin/bin/../../lib\libc99-pic30-elf.a(fpack.XX_o)
 .debug_abbrev    0x000284         0x14 c:/program files/microchip/xc16/v2.10/bin/bin/../../lib\libc99-pic30-elf.a(deqltle.XX_o)
 .debug_abbrev    0x000298         0x14 c:/program files/microchip/xc16/v2.10/bin/bin/../../lib\libc99-pic30-elf.a(dgtge.XX_o)
 .debug_abbrev    0x0002ac         0x14 c:/program files/microchip/xc16/v2.10/bin/bin/../../lib\libc99-pic30-elf.a(extendsfdf.XX_o)
 .debug_abbrev    0x0002c0         0x14 c:/program files/microchip/xc16/v2.10/bin/bin/../../lib\libc99-pic30-elf.a(fixdfsi.XX_o)
 .debug_abbrev    0x0002d4         0x14 c:/program files/microchip/xc16/v2.10/bin/bin/../../lib\libc99-pic30-elf.a(funpack.XX_o)
 .debug_abbrev    0x0002e8         0x14 c:/program files/microchip/xc16/v2.10/bin/bin/../../lib\libc99-pic30-elf.a(mulsi3.XX_o)
 .debug_abbrev    0x0002fc         0x14 c:/program files/microchip/xc16/v2.10/bin/bin/../../lib\libc99-pic30-elf.a(dpadd.XX_o)
 .debug_abbrev    0x000310         0x14 c:/program files/microchip/xc16/v2.10/bin/bin/../../lib\libc99-pic30-elf.a(dpdiv.XX_o)
 .debug_abbrev    0x000324         0x14 c:/program files/microchip/xc16/v2.10/bin/bin/../../lib\libc99-pic30-elf.a(dpmul.XX_o)
 .debug_abbrev    0x000338         0x14 c:/program files/microchip/xc16/v2.10/bin/bin/../../lib\libc99-pic30-elf.a(dpsubs.XX_o)
 .debug_abbrev    0x00034c         0x14 c:/program files/microchip/xc16/v2.10/bin/bin/../../lib\libc99-pic30-elf.a(dcompare.XX_o)
 .debug_abbrev    0x000360         0x14 c:/program files/microchip/xc16/v2.10/bin/bin/../../lib\libc99-pic30-elf.a(dtype.XX_o)
 .debug_abbrev    0x000374         0x14 c:/program files/microchip/xc16/v2.10/bin/bin/../../lib\libc99-pic30-elf.a(dunpack.XX_o)
 .debug_abbrev    0x000388         0x14 c:/program files/microchip/xc16/v2.10/bin/bin/../../lib\libc99-pic30-elf.a(dunpack2.XX_o)
 .debug_abbrev    0x00039c         0x14 c:/program files/microchip/xc16/v2.10/bin/bin/../../lib\libc99-pic30-elf.a(dpropagateNaN.XX_o)

.debug_line       0x000000        0xdc5
 *(.debug_line)
 .debug_line      0x000000        0x15a build/default/debug/main.o
 .debug_line      0x00015a         0x3b c:/program files/microchip/xc16/v2.10/bin/bin/../../lib\libc99-pic30-elf.a(floatunsisf.XX_o)
 .debug_line      0x000195        0x124 c:/program files/microchip/xc16/v2.10/bin/bin/../../lib\libc99-pic30-elf.a(divsf3x.XX_o)
 .debug_line      0x0002b9         0xcc c:/program files/microchip/xc16/v2.10/bin/bin/../../lib\libc99-pic30-elf.a(mulsf3x.XX_o)
 .debug_line      0x000385         0x72 c:/program files/microchip/xc16/v2.10/bin/bin/../../lib\libc99-pic30-elf.a(dnrmpackfx.XX_o)
 .debug_line      0x0003f7         0x7a c:/program files/microchip/xc16/v2.10/bin/bin/../../lib\libc99-pic30-elf.a(unpackdnrmfx.XX_o)
 .debug_line      0x000471         0x5e c:/program files/microchip/xc16/v2.10/bin/bin/../../lib\libc99-pic30-elf.a(typefx.XX_o)
 .debug_line      0x0004cf         0x51 c:/program files/microchip/xc16/v2.10/bin/bin/../../lib\libc99-pic30-elf.a(propnanfx.XX_o)
 .debug_line      0x000520         0x98 c:/program files/microchip/xc16/v2.10/bin/bin/../../lib\libc99-pic30-elf.a(spackfx.XX_o)
 .debug_line      0x0005b8         0x79 c:/program files/microchip/xc16/v2.10/bin/bin/../../lib\libc99-pic30-elf.a(unpackfx.XX_o)
 .debug_line      0x000631         0x1a c:/program files/microchip/xc16/v2.10/bin/bin/../../lib\libc99-pic30-elf.a(errno.XX_o)
 .debug_line      0x00064b         0x6c c:/program files/microchip/xc16/v2.10/bin/bin/../../lib\libc99-pic30-elf.a(floatundisf.XX_o)
 .debug_line      0x0006b7         0x5a c:/program files/microchip/xc16/v2.10/bin/bin/../../lib\libc99-pic30-elf.a(fpack.XX_o)
 .debug_line      0x000711         0x3a c:/program files/microchip/xc16/v2.10/bin/bin/../../lib\libc99-pic30-elf.a(deqltle.XX_o)
 .debug_line      0x00074b         0x38 c:/program files/microchip/xc16/v2.10/bin/bin/../../lib\libc99-pic30-elf.a(dgtge.XX_o)
 .debug_line      0x000783         0x59 c:/program files/microchip/xc16/v2.10/bin/bin/../../lib\libc99-pic30-elf.a(extendsfdf.XX_o)
 .debug_line      0x0007dc         0x61 c:/program files/microchip/xc16/v2.10/bin/bin/../../lib\libc99-pic30-elf.a(fixdfsi.XX_o)
 .debug_line      0x00083d         0x4a c:/program files/microchip/xc16/v2.10/bin/bin/../../lib\libc99-pic30-elf.a(funpack.XX_o)
 .debug_line      0x000887         0x3a c:/program files/microchip/xc16/v2.10/bin/bin/../../lib\libc99-pic30-elf.a(mulsi3.XX_o)
 .debug_line      0x0008c1         0xa2 c:/program files/microchip/xc16/v2.10/bin/bin/../../lib\libc99-pic30-elf.a(dpadd.XX_o)
 .debug_line      0x000963        0x100 c:/program files/microchip/xc16/v2.10/bin/bin/../../lib\libc99-pic30-elf.a(dpdiv.XX_o)
 .debug_line      0x000a63         0xde c:/program files/microchip/xc16/v2.10/bin/bin/../../lib\libc99-pic30-elf.a(dpmul.XX_o)
 .debug_line      0x000b41         0xe8 c:/program files/microchip/xc16/v2.10/bin/bin/../../lib\libc99-pic30-elf.a(dpsubs.XX_o)
 .debug_line      0x000c29         0x5f c:/program files/microchip/xc16/v2.10/bin/bin/../../lib\libc99-pic30-elf.a(dcompare.XX_o)
 .debug_line      0x000c88         0x45 c:/program files/microchip/xc16/v2.10/bin/bin/../../lib\libc99-pic30-elf.a(dtype.XX_o)
 .debug_line      0x000ccd         0x5c c:/program files/microchip/xc16/v2.10/bin/bin/../../lib\libc99-pic30-elf.a(dunpack.XX_o)
 .debug_line      0x000d29         0x53 c:/program files/microchip/xc16/v2.10/bin/bin/../../lib\libc99-pic30-elf.a(dunpack2.XX_o)
 .debug_line      0x000d7c         0x49 c:/program files/microchip/xc16/v2.10/bin/bin/../../lib\libc99-pic30-elf.a(dpropagateNaN.XX_o)

.debug_frame      0x000000        0x108
 *(.debug_frame)
 .debug_frame     0x000000        0x108 build/default/debug/main.o

.debug_str        0x000000         0x82
 *(.debug_str)
 .debug_str       0x000000         0x82 build/default/debug/main.o

.debug_loc
 *(.debug_loc)

.debug_macinfo
 *(.debug_macinfo)

.debug_pubnames
                  0x000000        0x10d
 *(.debug_pubnames)
 .debug_pubnames
                  0x000000        0x10d build/default/debug/main.o

.debug_ranges
 *(.debug_ranges)

.debug_aranges    0x000000        0x358
 *(.debug_aranges)
 .debug_aranges
                  0x000000         0x18 build/default/debug/main.o
 .debug_aranges
                  0x000018         0x20 c:/program files/microchip/xc16/v2.10/bin/bin/../../lib\libc99-pic30-elf.a(floatunsisf.XX_o)
 .debug_aranges
                  0x000038         0x20 c:/program files/microchip/xc16/v2.10/bin/bin/../../lib\libc99-pic30-elf.a(divsf3x.XX_o)
 .debug_aranges
                  0x000058         0x20 c:/program files/microchip/xc16/v2.10/bin/bin/../../lib\libc99-pic30-elf.a(mulsf3x.XX_o)
 .debug_aranges
                  0x000078         0x20 c:/program files/microchip/xc16/v2.10/bin/bin/../../lib\libc99-pic30-elf.a(dnrmpackfx.XX_o)
 .debug_aranges
                  0x000098         0x20 c:/program files/microchip/xc16/v2.10/bin/bin/../../lib\libc99-pic30-elf.a(unpackdnrmfx.XX_o)
 .debug_aranges
                  0x0000b8         0x20 c:/program files/microchip/xc16/v2.10/bin/bin/../../lib\libc99-pic30-elf.a(typefx.XX_o)
 .debug_aranges
                  0x0000d8         0x20 c:/program files/microchip/xc16/v2.10/bin/bin/../../lib\libc99-pic30-elf.a(propnanfx.XX_o)
 .debug_aranges
                  0x0000f8         0x20 c:/program files/microchip/xc16/v2.10/bin/bin/../../lib\libc99-pic30-elf.a(spackfx.XX_o)
 .debug_aranges
                  0x000118         0x20 c:/program files/microchip/xc16/v2.10/bin/bin/../../lib\libc99-pic30-elf.a(unpackfx.XX_o)
 .debug_aranges
                  0x000138         0x20 c:/program files/microchip/xc16/v2.10/bin/bin/../../lib\libc99-pic30-elf.a(floatundisf.XX_o)
 .debug_aranges
                  0x000158         0x20 c:/program files/microchip/xc16/v2.10/bin/bin/../../lib\libc99-pic30-elf.a(fpack.XX_o)
 .debug_aranges
                  0x000178         0x20 c:/program files/microchip/xc16/v2.10/bin/bin/../../lib\libc99-pic30-elf.a(deqltle.XX_o)
 .debug_aranges
                  0x000198         0x20 c:/program files/microchip/xc16/v2.10/bin/bin/../../lib\libc99-pic30-elf.a(dgtge.XX_o)
 .debug_aranges
                  0x0001b8         0x20 c:/program files/microchip/xc16/v2.10/bin/bin/../../lib\libc99-pic30-elf.a(extendsfdf.XX_o)
 .debug_aranges
                  0x0001d8         0x20 c:/program files/microchip/xc16/v2.10/bin/bin/../../lib\libc99-pic30-elf.a(fixdfsi.XX_o)
 .debug_aranges
                  0x0001f8         0x20 c:/program files/microchip/xc16/v2.10/bin/bin/../../lib\libc99-pic30-elf.a(funpack.XX_o)
 .debug_aranges
                  0x000218         0x20 c:/program files/microchip/xc16/v2.10/bin/bin/../../lib\libc99-pic30-elf.a(mulsi3.XX_o)
 .debug_aranges
                  0x000238         0x20 c:/program files/microchip/xc16/v2.10/bin/bin/../../lib\libc99-pic30-elf.a(dpadd.XX_o)
 .debug_aranges
                  0x000258         0x20 c:/program files/microchip/xc16/v2.10/bin/bin/../../lib\libc99-pic30-elf.a(dpdiv.XX_o)
 .debug_aranges
                  0x000278         0x20 c:/program files/microchip/xc16/v2.10/bin/bin/../../lib\libc99-pic30-elf.a(dpmul.XX_o)
 .debug_aranges
                  0x000298         0x20 c:/program files/microchip/xc16/v2.10/bin/bin/../../lib\libc99-pic30-elf.a(dpsubs.XX_o)
 .debug_aranges
                  0x0002b8         0x20 c:/program files/microchip/xc16/v2.10/bin/bin/../../lib\libc99-pic30-elf.a(dcompare.XX_o)
 .debug_aranges
                  0x0002d8         0x20 c:/program files/microchip/xc16/v2.10/bin/bin/../../lib\libc99-pic30-elf.a(dtype.XX_o)
 .debug_aranges
                  0x0002f8         0x20 c:/program files/microchip/xc16/v2.10/bin/bin/../../lib\libc99-pic30-elf.a(dunpack.XX_o)
 .debug_aranges
                  0x000318         0x20 c:/program files/microchip/xc16/v2.10/bin/bin/../../lib\libc99-pic30-elf.a(dunpack2.XX_o)
 .debug_aranges
                  0x000338         0x20 c:/program files/microchip/xc16/v2.10/bin/bin/../../lib\libc99-pic30-elf.a(dpropagateNaN.XX_o)
                    0x0000                  WREG0 = 0x0
                    0x0000                  _WREG0 = 0x0
                    0x0002                  WREG1 = 0x2
                    0x0002                  _WREG1 = 0x2
                    0x0004                  WREG2 = 0x4
                    0x0004                  _WREG2 = 0x4
                    0x0006                  WREG3 = 0x6
                    0x0006                  _WREG3 = 0x6
                    0x0008                  WREG4 = 0x8
                    0x0008                  _WREG4 = 0x8
                    0x000a                  WREG5 = 0xa
                    0x000a                  _WREG5 = 0xa
                    0x000c                  WREG6 = 0xc
                    0x000c                  _WREG6 = 0xc
                    0x000e                  WREG7 = 0xe
                    0x000e                  _WREG7 = 0xe
                    0x0010                  WREG8 = 0x10
                    0x0010                  _WREG8 = 0x10
                    0x0012                  WREG9 = 0x12
                    0x0012                  _WREG9 = 0x12
                    0x0014                  WREG10 = 0x14
                    0x0014                  _WREG10 = 0x14
                    0x0016                  WREG11 = 0x16
                    0x0016                  _WREG11 = 0x16
                    0x0018                  WREG12 = 0x18
                    0x0018                  _WREG12 = 0x18
                    0x001a                  WREG13 = 0x1a
                    0x001a                  _WREG13 = 0x1a
                    0x001c                  WREG14 = 0x1c
                    0x001c                  _WREG14 = 0x1c
                    0x001e                  WREG15 = 0x1e
                    0x001e                  _WREG15 = 0x1e
                    0x0020                  SPLIM = 0x20
                    0x0020                  _SPLIM = 0x20
                    0x0022                  ACCAL = 0x22
                    0x0022                  _ACCAL = 0x22
                    0x0024                  ACCAH = 0x24
                    0x0024                  _ACCAH = 0x24
                    0x0026                  ACCAU = 0x26
                    0x0026                  _ACCAU = 0x26
                    0x0028                  ACCBL = 0x28
                    0x0028                  _ACCBL = 0x28
                    0x002a                  ACCBH = 0x2a
                    0x002a                  _ACCBH = 0x2a
                    0x002c                  ACCBU = 0x2c
                    0x002c                  _ACCBU = 0x2c
                    0x002e                  PCL = 0x2e
                    0x002e                  _PCL = 0x2e
                    0x0030                  PCH = 0x30
                    0x0030                  _PCH = 0x30
                    0x0032                  TBLPAG = 0x32
                    0x0032                  _TBLPAG = 0x32
                    0x0034                  PSVPAG = 0x34
                    0x0034                  _PSVPAG = 0x34
                    0x0036                  RCOUNT = 0x36
                    0x0036                  _RCOUNT = 0x36
                    0x0038                  DCOUNT = 0x38
                    0x0038                  _DCOUNT = 0x38
                    0x003a                  DOSTARTL = 0x3a
                    0x003a                  _DOSTARTL = 0x3a
                    0x003c                  DOSTARTH = 0x3c
                    0x003c                  _DOSTARTH = 0x3c
                    0x003e                  DOENDL = 0x3e
                    0x003e                  _DOENDL = 0x3e
                    0x0040                  DOENDH = 0x40
                    0x0040                  _DOENDH = 0x40
                    0x0042                  SR = 0x42
                    0x0042                  _SR = 0x42
                    0x0042                  _SRbits = 0x42
                    0x0044                  CORCON = 0x44
                    0x0044                  _CORCON = 0x44
                    0x0044                  _CORCONbits = 0x44
                    0x0046                  MODCON = 0x46
                    0x0046                  _MODCON = 0x46
                    0x0046                  _MODCONbits = 0x46
                    0x0048                  XMODSRT = 0x48
                    0x0048                  _XMODSRT = 0x48
                    0x004a                  XMODEND = 0x4a
                    0x004a                  _XMODEND = 0x4a
                    0x004c                  YMODSRT = 0x4c
                    0x004c                  _YMODSRT = 0x4c
                    0x004e                  YMODEND = 0x4e
                    0x004e                  _YMODEND = 0x4e
                    0x0050                  XBREV = 0x50
                    0x0050                  _XBREV = 0x50
                    0x0050                  _XBREVbits = 0x50
                    0x0052                  DISICNT = 0x52
                    0x0052                  _DISICNT = 0x52
                    0x0060                  CNEN1 = 0x60
                    0x0060                  _CNEN1 = 0x60
                    0x0060                  _CNEN1bits = 0x60
                    0x0062                  CNEN2 = 0x62
                    0x0062                  _CNEN2 = 0x62
                    0x0062                  _CNEN2bits = 0x62
                    0x0068                  CNPU1 = 0x68
                    0x0068                  _CNPU1 = 0x68
                    0x0068                  _CNPU1bits = 0x68
                    0x006a                  CNPU2 = 0x6a
                    0x006a                  _CNPU2 = 0x6a
                    0x006a                  _CNPU2bits = 0x6a
                    0x0080                  INTCON1 = 0x80
                    0x0080                  _INTCON1 = 0x80
                    0x0080                  _INTCON1bits = 0x80
                    0x0082                  INTCON2 = 0x82
                    0x0082                  _INTCON2 = 0x82
                    0x0082                  _INTCON2bits = 0x82
                    0x0084                  IFS0 = 0x84
                    0x0084                  _IFS0 = 0x84
                    0x0084                  _IFS0bits = 0x84
                    0x0086                  IFS1 = 0x86
                    0x0086                  _IFS1 = 0x86
                    0x0086                  _IFS1bits = 0x86
                    0x008a                  IFS3 = 0x8a
                    0x008a                  _IFS3 = 0x8a
                    0x008a                  _IFS3bits = 0x8a
                    0x008c                  IFS4 = 0x8c
                    0x008c                  _IFS4 = 0x8c
                    0x008c                  _IFS4bits = 0x8c
                    0x0094                  IEC0 = 0x94
                    0x0094                  _IEC0 = 0x94
                    0x0094                  _IEC0bits = 0x94
                    0x0096                  IEC1 = 0x96
                    0x0096                  _IEC1 = 0x96
                    0x0096                  _IEC1bits = 0x96
                    0x009a                  IEC3 = 0x9a
                    0x009a                  _IEC3 = 0x9a
                    0x009a                  _IEC3bits = 0x9a
                    0x009c                  IEC4 = 0x9c
                    0x009c                  _IEC4 = 0x9c
                    0x009c                  _IEC4bits = 0x9c
                    0x00a4                  IPC0 = 0xa4
                    0x00a4                  _IPC0 = 0xa4
                    0x00a4                  _IPC0bits = 0xa4
                    0x00a6                  IPC1 = 0xa6
                    0x00a6                  _IPC1 = 0xa6
                    0x00a6                  _IPC1bits = 0xa6
                    0x00a8                  IPC2 = 0xa8
                    0x00a8                  _IPC2 = 0xa8
                    0x00a8                  _IPC2bits = 0xa8
                    0x00aa                  IPC3 = 0xaa
                    0x00aa                  _IPC3 = 0xaa
                    0x00aa                  _IPC3bits = 0xaa
                    0x00ac                  IPC4 = 0xac
                    0x00ac                  _IPC4 = 0xac
                    0x00ac                  _IPC4bits = 0xac
                    0x00ae                  IPC5 = 0xae
                    0x00ae                  _IPC5 = 0xae
                    0x00ae                  _IPC5bits = 0xae
                    0x00b2                  IPC7 = 0xb2
                    0x00b2                  _IPC7 = 0xb2
                    0x00b2                  _IPC7bits = 0xb2
                    0x00c0                  IPC14 = 0xc0
                    0x00c0                  _IPC14 = 0xc0
                    0x00c0                  _IPC14bits = 0xc0
                    0x00c2                  IPC15 = 0xc2
                    0x00c2                  _IPC15 = 0xc2
                    0x00c2                  _IPC15bits = 0xc2
                    0x00c4                  IPC16 = 0xc4
                    0x00c4                  _IPC16 = 0xc4
                    0x00c4                  _IPC16bits = 0xc4
                    0x00c8                  IPC18 = 0xc8
                    0x00c8                  _IPC18 = 0xc8
                    0x00c8                  _IPC18bits = 0xc8
                    0x00e0                  INTTREG = 0xe0
                    0x00e0                  _INTTREG = 0xe0
                    0x00e0                  _INTTREGbits = 0xe0
                    0x0100                  TMR1 = 0x100
                    0x0100                  _TMR1 = 0x100
                    0x0102                  PR1 = 0x102
                    0x0102                  _PR1 = 0x102
                    0x0104                  T1CON = 0x104
                    0x0104                  _T1CON = 0x104
                    0x0104                  _T1CONbits = 0x104
                    0x0106                  TMR2 = 0x106
                    0x0106                  _TMR2 = 0x106
                    0x0108                  TMR3HLD = 0x108
                    0x0108                  _TMR3HLD = 0x108
                    0x010a                  TMR3 = 0x10a
                    0x010a                  _TMR3 = 0x10a
                    0x010c                  PR2 = 0x10c
                    0x010c                  _PR2 = 0x10c
                    0x010e                  PR3 = 0x10e
                    0x010e                  _PR3 = 0x10e
                    0x0110                  T2CON = 0x110
                    0x0110                  _T2CON = 0x110
                    0x0110                  _T2CONbits = 0x110
                    0x0112                  T3CON = 0x112
                    0x0112                  _T3CON = 0x112
                    0x0112                  _T3CONbits = 0x112
                    0x0140                  IC1BUF = 0x140
                    0x0140                  _IC1BUF = 0x140
                    0x0142                  IC1CON = 0x142
                    0x0142                  _IC1CON = 0x142
                    0x0142                  _IC1CONbits = 0x142
                    0x0144                  IC2BUF = 0x144
                    0x0144                  _IC2BUF = 0x144
                    0x0146                  IC2CON = 0x146
                    0x0146                  _IC2CON = 0x146
                    0x0146                  _IC2CONbits = 0x146
                    0x0158                  IC7BUF = 0x158
                    0x0158                  _IC7BUF = 0x158
                    0x015a                  IC7CON = 0x15a
                    0x015a                  _IC7CON = 0x15a
                    0x015a                  _IC7CONbits = 0x15a
                    0x015c                  IC8BUF = 0x15c
                    0x015c                  _IC8BUF = 0x15c
                    0x015e                  IC8CON = 0x15e
                    0x015e                  _IC8CON = 0x15e
                    0x015e                  _IC8CONbits = 0x15e
                    0x0180                  OC1RS = 0x180
                    0x0180                  _OC1RS = 0x180
                    0x0182                  OC1R = 0x182
                    0x0182                  _OC1R = 0x182
                    0x0184                  OC1CON = 0x184
                    0x0184                  _OC1CON = 0x184
                    0x0184                  _OC1CONbits = 0x184
                    0x0186                  OC2RS = 0x186
                    0x0186                  _OC2RS = 0x186
                    0x0188                  OC2R = 0x188
                    0x0188                  _OC2R = 0x188
                    0x018a                  OC2CON = 0x18a
                    0x018a                  _OC2CON = 0x18a
                    0x018a                  _OC2CONbits = 0x18a
                    0x01c0                  P1TCON = 0x1c0
                    0x01c0                  _P1TCON = 0x1c0
                    0x01c0                  _P1TCONbits = 0x1c0
                    0x01c0                  PTCON = 0x1c0
                    0x01c0                  _PTCON = 0x1c0
                    0x01c0                  _PTCONbits = 0x1c0
                    0x01c2                  P1TMR = 0x1c2
                    0x01c2                  _P1TMR = 0x1c2
                    0x01c2                  _P1TMRbits = 0x1c2
                    0x01c2                  PTMR = 0x1c2
                    0x01c2                  _PTMR = 0x1c2
                    0x01c2                  _PTMRbits = 0x1c2
                    0x01c4                  P1TPER = 0x1c4
                    0x01c4                  _P1TPER = 0x1c4
                    0x01c4                  _P1TPERbits = 0x1c4
                    0x01c4                  PTPER = 0x1c4
                    0x01c4                  _PTPER = 0x1c4
                    0x01c4                  _PTPERbits = 0x1c4
                    0x01c6                  P1SECMP = 0x1c6
                    0x01c6                  _P1SECMP = 0x1c6
                    0x01c6                  _P1SECMPbits = 0x1c6
                    0x01c6                  SEVTCMP = 0x1c6
                    0x01c6                  _SEVTCMP = 0x1c6
                    0x01c6                  _SEVTCMPbits = 0x1c6
                    0x01c8                  PWM1CON1 = 0x1c8
                    0x01c8                  _PWM1CON1 = 0x1c8
                    0x01c8                  _PWM1CON1bits = 0x1c8
                    0x01c8                  PWMCON1 = 0x1c8
                    0x01c8                  _PWMCON1 = 0x1c8
                    0x01c8                  _PWMCON1bits = 0x1c8
                    0x01ca                  PWM1CON2 = 0x1ca
                    0x01ca                  _PWM1CON2 = 0x1ca
                    0x01ca                  _PWM1CON2bits = 0x1ca
                    0x01ca                  PWMCON2 = 0x1ca
                    0x01ca                  _PWMCON2 = 0x1ca
                    0x01ca                  _PWMCON2bits = 0x1ca
                    0x01cc                  DTCON1 = 0x1cc
                    0x01cc                  _DTCON1 = 0x1cc
                    0x01cc                  _DTCON1bits = 0x1cc
                    0x01cc                  P1DTCON1 = 0x1cc
                    0x01cc                  _P1DTCON1 = 0x1cc
                    0x01cc                  _P1DTCON1bits = 0x1cc
                    0x01ce                  DTCON2 = 0x1ce
                    0x01ce                  _DTCON2 = 0x1ce
                    0x01ce                  _DTCON2bits = 0x1ce
                    0x01ce                  P1DTCON2 = 0x1ce
                    0x01ce                  _P1DTCON2 = 0x1ce
                    0x01ce                  _P1DTCON2bits = 0x1ce
                    0x01d0                  FLTACON = 0x1d0
                    0x01d0                  _FLTACON = 0x1d0
                    0x01d0                  _FLTACONbits = 0x1d0
                    0x01d0                  P1FLTACON = 0x1d0
                    0x01d0                  _P1FLTACON = 0x1d0
                    0x01d0                  _P1FLTACONbits = 0x1d0
                    0x01d4                  OVDCON = 0x1d4
                    0x01d4                  _OVDCON = 0x1d4
                    0x01d4                  _OVDCONbits = 0x1d4
                    0x01d4                  P1OVDCON = 0x1d4
                    0x01d4                  _P1OVDCON = 0x1d4
                    0x01d4                  _P1OVDCONbits = 0x1d4
                    0x01d6                  P1DC1 = 0x1d6
                    0x01d6                  _P1DC1 = 0x1d6
                    0x01d6                  PDC1 = 0x1d6
                    0x01d6                  _PDC1 = 0x1d6
                    0x01d8                  P1DC2 = 0x1d8
                    0x01d8                  _P1DC2 = 0x1d8
                    0x01d8                  PDC2 = 0x1d8
                    0x01d8                  _PDC2 = 0x1d8
                    0x01da                  P1DC3 = 0x1da
                    0x01da                  _P1DC3 = 0x1da
                    0x01da                  PDC3 = 0x1da
                    0x01da                  _PDC3 = 0x1da
                    0x01e0                  QEI1CON = 0x1e0
                    0x01e0                  _QEI1CON = 0x1e0
                    0x01e0                  _QEI1CONbits = 0x1e0
                    0x01e0                  QEICON = 0x1e0
                    0x01e0                  _QEICON = 0x1e0
                    0x01e0                  _QEICONbits = 0x1e0
                    0x01e2                  DFLT1CON = 0x1e2
                    0x01e2                  _DFLT1CON = 0x1e2
                    0x01e2                  _DFLT1CONbits = 0x1e2
                    0x01e2                  DFLTCON = 0x1e2
                    0x01e2                  _DFLTCON = 0x1e2
                    0x01e2                  _DFLTCONbits = 0x1e2
                    0x01e4                  POS1CNT = 0x1e4
                    0x01e4                  _POS1CNT = 0x1e4
                    0x01e4                  POSCNT = 0x1e4
                    0x01e4                  _POSCNT = 0x1e4
                    0x01e6                  MAX1CNT = 0x1e6
                    0x01e6                  _MAX1CNT = 0x1e6
                    0x01e6                  MAXCNT = 0x1e6
                    0x01e6                  _MAXCNT = 0x1e6
                    0x0200                  I2C1RCV = 0x200
                    0x0200                  _I2C1RCV = 0x200
                    0x0200                  I2CRCV = 0x200
                    0x0200                  _I2CRCV = 0x200
                    0x0202                  I2C1TRN = 0x202
                    0x0202                  _I2C1TRN = 0x202
                    0x0202                  I2CTRN = 0x202
                    0x0202                  _I2CTRN = 0x202
                    0x0204                  I2C1BRG = 0x204
                    0x0204                  _I2C1BRG = 0x204
                    0x0206                  I2C1CON = 0x206
                    0x0206                  _I2C1CON = 0x206
                    0x0206                  _I2C1CONbits = 0x206
                    0x0206                  I2CCON = 0x206
                    0x0206                  _I2CCON = 0x206
                    0x0206                  _I2CCONbits = 0x206
                    0x0208                  I2C1STAT = 0x208
                    0x0208                  _I2C1STAT = 0x208
                    0x0208                  _I2C1STATbits = 0x208
                    0x0208                  I2CSTAT = 0x208
                    0x0208                  _I2CSTAT = 0x208
                    0x0208                  _I2CSTATbits = 0x208
                    0x020a                  I2C1ADD = 0x20a
                    0x020a                  _I2C1ADD = 0x20a
                    0x020a                  I2CADD = 0x20a
                    0x020a                  _I2CADD = 0x20a
                    0x020c                  I2C1MSK = 0x20c
                    0x020c                  _I2C1MSK = 0x20c
                    0x0220                  U1MODE = 0x220
                    0x0220                  _U1MODE = 0x220
                    0x0220                  _U1MODEbits = 0x220
                    0x0222                  U1STA = 0x222
                    0x0222                  _U1STA = 0x222
                    0x0222                  _U1STAbits = 0x222
                    0x0224                  U1TXREG = 0x224
                    0x0224                  _U1TXREG = 0x224
                    0x0224                  _U1TXREGbits = 0x224
                    0x0226                  U1RXREG = 0x226
                    0x0226                  _U1RXREG = 0x226
                    0x0226                  _U1RXREGbits = 0x226
                    0x0228                  U1BRG = 0x228
                    0x0228                  _U1BRG = 0x228
                    0x0240                  SPI1STAT = 0x240
                    0x0240                  _SPI1STAT = 0x240
                    0x0240                  _SPI1STATbits = 0x240
                    0x0242                  SPI1CON1 = 0x242
                    0x0242                  _SPI1CON1 = 0x242
                    0x0242                  _SPI1CON1bits = 0x242
                    0x0244                  SPI1CON2 = 0x244
                    0x0244                  _SPI1CON2 = 0x244
                    0x0244                  _SPI1CON2bits = 0x244
                    0x0248                  SPI1BUF = 0x248
                    0x0248                  _SPI1BUF = 0x248
                    0x02c0                  TRISA = 0x2c0
                    0x02c0                  _TRISA = 0x2c0
                    0x02c0                  _TRISAbits = 0x2c0
                    0x02c2                  PORTA = 0x2c2
                    0x02c2                  _PORTA = 0x2c2
                    0x02c2                  _PORTAbits = 0x2c2
                    0x02c4                  LATA = 0x2c4
                    0x02c4                  _LATA = 0x2c4
                    0x02c4                  _LATAbits = 0x2c4
                    0x02c6                  ODCA = 0x2c6
                    0x02c6                  _ODCA = 0x2c6
                    0x02c6                  _ODCAbits = 0x2c6
                    0x02c8                  TRISB = 0x2c8
                    0x02c8                  _TRISB = 0x2c8
                    0x02c8                  _TRISBbits = 0x2c8
                    0x02ca                  PORTB = 0x2ca
                    0x02ca                  _PORTB = 0x2ca
                    0x02ca                  _PORTBbits = 0x2ca
                    0x02cc                  LATB = 0x2cc
                    0x02cc                  _LATB = 0x2cc
                    0x02cc                  _LATBbits = 0x2cc
                    0x02ce                  ODCB = 0x2ce
                    0x02ce                  _ODCB = 0x2ce
                    0x02ce                  _ODCBbits = 0x2ce
                    0x02d0                  TRISC = 0x2d0
                    0x02d0                  _TRISC = 0x2d0
                    0x02d0                  _TRISCbits = 0x2d0
                    0x02d2                  PORTC = 0x2d2
                    0x02d2                  _PORTC = 0x2d2
                    0x02d2                  _PORTCbits = 0x2d2
                    0x02d4                  LATC = 0x2d4
                    0x02d4                  _LATC = 0x2d4
                    0x02d4                  _LATCbits = 0x2d4
                    0x02d6                  ODCC = 0x2d6
                    0x02d6                  _ODCC = 0x2d6
                    0x02d6                  _ODCCbits = 0x2d6
                    0x0300                  ADC1BUF0 = 0x300
                    0x0300                  _ADC1BUF0 = 0x300
                    0x0300                  ADCBUF0 = 0x300
                    0x0300                  _ADCBUF0 = 0x300
                    0x0302                  ADC1BUF1 = 0x302
                    0x0302                  _ADC1BUF1 = 0x302
                    0x0302                  ADCBUF1 = 0x302
                    0x0302                  _ADCBUF1 = 0x302
                    0x0304                  ADC1BUF2 = 0x304
                    0x0304                  _ADC1BUF2 = 0x304
                    0x0304                  ADCBUF2 = 0x304
                    0x0304                  _ADCBUF2 = 0x304
                    0x0306                  ADC1BUF3 = 0x306
                    0x0306                  _ADC1BUF3 = 0x306
                    0x0306                  ADCBUF3 = 0x306
                    0x0306                  _ADCBUF3 = 0x306
                    0x0308                  ADC1BUF4 = 0x308
                    0x0308                  _ADC1BUF4 = 0x308
                    0x0308                  ADCBUF4 = 0x308
                    0x0308                  _ADCBUF4 = 0x308
                    0x030a                  ADC1BUF5 = 0x30a
                    0x030a                  _ADC1BUF5 = 0x30a
                    0x030a                  ADCBUF5 = 0x30a
                    0x030a                  _ADCBUF5 = 0x30a
                    0x030c                  ADC1BUF6 = 0x30c
                    0x030c                  _ADC1BUF6 = 0x30c
                    0x030c                  ADCBUF6 = 0x30c
                    0x030c                  _ADCBUF6 = 0x30c
                    0x030e                  ADC1BUF7 = 0x30e
                    0x030e                  _ADC1BUF7 = 0x30e
                    0x030e                  ADCBUF7 = 0x30e
                    0x030e                  _ADCBUF7 = 0x30e
                    0x0310                  ADC1BUF8 = 0x310
                    0x0310                  _ADC1BUF8 = 0x310
                    0x0310                  ADCBUF8 = 0x310
                    0x0310                  _ADCBUF8 = 0x310
                    0x0312                  ADC1BUF9 = 0x312
                    0x0312                  _ADC1BUF9 = 0x312
                    0x0312                  ADCBUF9 = 0x312
                    0x0312                  _ADCBUF9 = 0x312
                    0x0314                  ADC1BUFA = 0x314
                    0x0314                  _ADC1BUFA = 0x314
                    0x0314                  ADCBUFA = 0x314
                    0x0314                  _ADCBUFA = 0x314
                    0x0316                  ADC1BUFB = 0x316
                    0x0316                  _ADC1BUFB = 0x316
                    0x0316                  ADCBUFB = 0x316
                    0x0316                  _ADCBUFB = 0x316
                    0x0318                  ADC1BUFC = 0x318
                    0x0318                  _ADC1BUFC = 0x318
                    0x0318                  ADCBUFC = 0x318
                    0x0318                  _ADCBUFC = 0x318
                    0x031a                  ADC1BUFD = 0x31a
                    0x031a                  _ADC1BUFD = 0x31a
                    0x031a                  ADCBUFD = 0x31a
                    0x031a                  _ADCBUFD = 0x31a
                    0x031c                  ADC1BUFE = 0x31c
                    0x031c                  _ADC1BUFE = 0x31c
                    0x031c                  ADCBUFE = 0x31c
                    0x031c                  _ADCBUFE = 0x31c
                    0x031e                  ADC1BUFF = 0x31e
                    0x031e                  _ADC1BUFF = 0x31e
                    0x031e                  ADCBUFF = 0x31e
                    0x031e                  _ADCBUFF = 0x31e
                    0x0320                  AD1CON1 = 0x320
                    0x0320                  _AD1CON1 = 0x320
                    0x0320                  _AD1CON1bits = 0x320
                    0x0322                  AD1CON2 = 0x322
                    0x0322                  _AD1CON2 = 0x322
                    0x0322                  _AD1CON2bits = 0x322
                    0x0324                  AD1CON3 = 0x324
                    0x0324                  _AD1CON3 = 0x324
                    0x0324                  _AD1CON3bits = 0x324
                    0x0326                  AD1CHS123 = 0x326
                    0x0326                  _AD1CHS123 = 0x326
                    0x0326                  _AD1CHS123bits = 0x326
                    0x0328                  AD1CHS0 = 0x328
                    0x0328                  _AD1CHS0 = 0x328
                    0x0328                  _AD1CHS0bits = 0x328
                    0x032c                  AD1PCFGL = 0x32c
                    0x032c                  _AD1PCFGL = 0x32c
                    0x032c                  _AD1PCFGLbits = 0x32c
                    0x032c                  ADPCFG = 0x32c
                    0x032c                  _ADPCFG = 0x32c
                    0x032c                  _ADPCFGbits = 0x32c
                    0x0330                  AD1CSSL = 0x330
                    0x0330                  _AD1CSSL = 0x330
                    0x0330                  _AD1CSSLbits = 0x330
                    0x05c0                  P2TCON = 0x5c0
                    0x05c0                  _P2TCON = 0x5c0
                    0x05c0                  _P2TCONbits = 0x5c0
                    0x05c2                  P2TMR = 0x5c2
                    0x05c2                  _P2TMR = 0x5c2
                    0x05c2                  _P2TMRbits = 0x5c2
                    0x05c4                  P2TPER = 0x5c4
                    0x05c4                  _P2TPER = 0x5c4
                    0x05c4                  _P2TPERbits = 0x5c4
                    0x05c6                  P2SECMP = 0x5c6
                    0x05c6                  _P2SECMP = 0x5c6
                    0x05c6                  _P2SECMPbits = 0x5c6
                    0x05c8                  PWM2CON1 = 0x5c8
                    0x05c8                  _PWM2CON1 = 0x5c8
                    0x05c8                  _PWM2CON1bits = 0x5c8
                    0x05ca                  PWM2CON2 = 0x5ca
                    0x05ca                  _PWM2CON2 = 0x5ca
                    0x05ca                  _PWM2CON2bits = 0x5ca
                    0x05cc                  P2DTCON1 = 0x5cc
                    0x05cc                  _P2DTCON1 = 0x5cc
                    0x05cc                  _P2DTCON1bits = 0x5cc
                    0x05ce                  P2DTCON2 = 0x5ce
                    0x05ce                  _P2DTCON2 = 0x5ce
                    0x05ce                  _P2DTCON2bits = 0x5ce
                    0x05d0                  P2FLTACON = 0x5d0
                    0x05d0                  _P2FLTACON = 0x5d0
                    0x05d0                  _P2FLTACONbits = 0x5d0
                    0x05d4                  P2OVDCON = 0x5d4
                    0x05d4                  _P2OVDCON = 0x5d4
                    0x05d4                  _P2OVDCONbits = 0x5d4
                    0x05d6                  P2DC1 = 0x5d6
                    0x05d6                  _P2DC1 = 0x5d6
                    0x0680                  RPINR0 = 0x680
                    0x0680                  _RPINR0 = 0x680
                    0x0680                  _RPINR0bits = 0x680
                    0x0682                  RPINR1 = 0x682
                    0x0682                  _RPINR1 = 0x682
                    0x0682                  _RPINR1bits = 0x682
                    0x0686                  RPINR3 = 0x686
                    0x0686                  _RPINR3 = 0x686
                    0x0686                  _RPINR3bits = 0x686
                    0x068e                  RPINR7 = 0x68e
                    0x068e                  _RPINR7 = 0x68e
                    0x068e                  _RPINR7bits = 0x68e
                    0x0694                  RPINR10 = 0x694
                    0x0694                  _RPINR10 = 0x694
                    0x0694                  _RPINR10bits = 0x694
                    0x0696                  RPINR11 = 0x696
                    0x0696                  _RPINR11 = 0x696
                    0x0696                  _RPINR11bits = 0x696
                    0x0698                  RPINR12 = 0x698
                    0x0698                  _RPINR12 = 0x698
                    0x0698                  _RPINR12bits = 0x698
                    0x069a                  RPINR13 = 0x69a
                    0x069a                  _RPINR13 = 0x69a
                    0x069a                  _RPINR13bits = 0x69a
                    0x069c                  RPINR14 = 0x69c
                    0x069c                  _RPINR14 = 0x69c
                    0x069c                  _RPINR14bits = 0x69c
                    0x069e                  RPINR15 = 0x69e
                    0x069e                  _RPINR15 = 0x69e
                    0x069e                  _RPINR15bits = 0x69e
                    0x06a4                  RPINR18 = 0x6a4
                    0x06a4                  _RPINR18 = 0x6a4
                    0x06a4                  _RPINR18bits = 0x6a4
                    0x06a8                  RPINR20 = 0x6a8
                    0x06a8                  _RPINR20 = 0x6a8
                    0x06a8                  _RPINR20bits = 0x6a8
                    0x06aa                  RPINR21 = 0x6aa
                    0x06aa                  _RPINR21 = 0x6aa
                    0x06aa                  _RPINR21bits = 0x6aa
                    0x06c0                  RPOR0 = 0x6c0
                    0x06c0                  _RPOR0 = 0x6c0
                    0x06c0                  _RPOR0bits = 0x6c0
                    0x06c2                  RPOR1 = 0x6c2
                    0x06c2                  _RPOR1 = 0x6c2
                    0x06c2                  _RPOR1bits = 0x6c2
                    0x06c4                  RPOR2 = 0x6c4
                    0x06c4                  _RPOR2 = 0x6c4
                    0x06c4                  _RPOR2bits = 0x6c4
                    0x06c6                  RPOR3 = 0x6c6
                    0x06c6                  _RPOR3 = 0x6c6
                    0x06c6                  _RPOR3bits = 0x6c6
                    0x06c8                  RPOR4 = 0x6c8
                    0x06c8                  _RPOR4 = 0x6c8
                    0x06c8                  _RPOR4bits = 0x6c8
                    0x06ca                  RPOR5 = 0x6ca
                    0x06ca                  _RPOR5 = 0x6ca
                    0x06ca                  _RPOR5bits = 0x6ca
                    0x06cc                  RPOR6 = 0x6cc
                    0x06cc                  _RPOR6 = 0x6cc
                    0x06cc                  _RPOR6bits = 0x6cc
                    0x06ce                  RPOR7 = 0x6ce
                    0x06ce                  _RPOR7 = 0x6ce
                    0x06ce                  _RPOR7bits = 0x6ce
                    0x06d0                  RPOR8 = 0x6d0
                    0x06d0                  _RPOR8 = 0x6d0
                    0x06d0                  _RPOR8bits = 0x6d0
                    0x06d2                  RPOR9 = 0x6d2
                    0x06d2                  _RPOR9 = 0x6d2
                    0x06d2                  _RPOR9bits = 0x6d2
                    0x06d4                  RPOR10 = 0x6d4
                    0x06d4                  _RPOR10 = 0x6d4
                    0x06d4                  _RPOR10bits = 0x6d4
                    0x06d6                  RPOR11 = 0x6d6
                    0x06d6                  _RPOR11 = 0x6d6
                    0x06d6                  _RPOR11bits = 0x6d6
                    0x06d8                  RPOR12 = 0x6d8
                    0x06d8                  _RPOR12 = 0x6d8
                    0x06d8                  _RPOR12bits = 0x6d8
                    0x0740                  RCON = 0x740
                    0x0740                  _RCON = 0x740
                    0x0740                  _RCONbits = 0x740
                    0x0742                  OSCCON = 0x742
                    0x0742                  _OSCCON = 0x742
                    0x0742                  _OSCCONbits = 0x742
                    0x0742                  OSCCONL = 0x742
                    0x0742                  _OSCCONL = 0x742
                    0x0743                  OSCCONH = 0x743
                    0x0743                  _OSCCONH = 0x743
                    0x0744                  CLKDIV = 0x744
                    0x0744                  _CLKDIV = 0x744
                    0x0744                  _CLKDIVbits = 0x744
                    0x0746                  PLLFBD = 0x746
                    0x0746                  _PLLFBD = 0x746
                    0x0746                  _PLLFBDbits = 0x746
                    0x0748                  OSCTUN = 0x748
                    0x0748                  _OSCTUN = 0x748
                    0x0748                  _OSCTUNbits = 0x748
                    0x0760                  NVMCON = 0x760
                    0x0760                  _NVMCON = 0x760
                    0x0760                  _NVMCONbits = 0x760
                    0x0766                  NVMKEY = 0x766
                    0x0766                  _NVMKEY = 0x766
                    0x0770                  PMD1 = 0x770
                    0x0770                  _PMD1 = 0x770
                    0x0770                  _PMD1bits = 0x770
                    0x0772                  PMD2 = 0x772
                    0x0772                  _PMD2 = 0x772
                    0x0772                  _PMD2bits = 0x772
                    0x0774                  PMD3 = 0x774
                    0x0774                  _PMD3 = 0x774
                    0x0774                  _PMD3bits = 0x774
                    0x0022                  ACCA = 0x22
                    0x0022                  _ACCA = 0x22
                    0x0028                  ACCB = 0x28
                    0x0028                  _ACCB = 0x28
                    0x0140                  IC1 = 0x140
                    0x0140                  _IC1 = 0x140
                    0x0144                  IC2 = 0x144
                    0x0144                  _IC2 = 0x144
                    0x0158                  IC7 = 0x158
                    0x0158                  _IC7 = 0x158
                    0x015c                  IC8 = 0x15c
                    0x015c                  _IC8 = 0x15c
                    0x0180                  OC1 = 0x180
                    0x0180                  _OC1 = 0x180
                    0x0186                  OC2 = 0x186
                    0x0186                  _OC2 = 0x186
                    0x0240                  SPI1 = 0x240
                    0x0240                  _SPI1 = 0x240
                    0x0220                  UART1 = 0x220
                    0x0220                  _UART1 = 0x220
START GROUP
LOAD c:/program files/microchip/xc16/v2.10/bin/bin/../../lib\libc99-pic30-elf.a
LOAD c:/program files/microchip/xc16/v2.10/bin/bin/../../lib\libm-elf.a
LOAD c:/program files/microchip/xc16/v2.10/bin/bin/../../lib\libc99-elf.a
END GROUP
OUTPUT(dist/default/debug/DistanciaProyecto.X.debug.elf elf32-pic30)
LOAD /CW/_FGS€:j
LOAD /CW/_FBSÊi
LOAD default_isr
LOAD data_init

.debug_pubtypes
                  0x000358        0x1ae
 .debug_pubtypes
                  0x000358        0x1ae build/default/debug/main.o

__c30_signature
                  0x000506        0x114
 __c30_signature
                  0x000506          0x6 build/default/debug/main.o
 __c30_signature
                  0x00050c          0x6 c:/program files/microchip/xc16/v2.10/bin/bin/../../lib/dsPIC33F\libp33FJ32MC204-elf.a(OpenTimer1.o)
 __c30_signature
                  0x000512          0x6 c:/program files/microchip/xc16/v2.10/bin/bin/../../lib/dsPIC33F\libp33FJ32MC204-elf.a(OpenTimer2.o)
 __c30_signature
                  0x000518          0x6 c:/program files/microchip/xc16/v2.10/bin/bin/../../lib/dsPIC33F\libp33FJ32MC204-elf.a(OpenTimer3.o)
 __c30_signature
                  0x00051e          0x6 c:/program files/microchip/xc16/v2.10/bin/bin/../../lib/dsPIC33F\libp33FJ32MC204-elf.a(OpenUART1.o)
 __c30_signature
                  0x000524          0x6 c:/program files/microchip/xc16/v2.10/bin/bin/../../lib/dsPIC33F\libp33FJ32MC204-elf.a(WriteUART1.o)
 __c30_signature
                  0x00052a          0x6 c:/program files/microchip/xc16/v2.10/bin/bin/../../lib\libc99-pic30-elf.a(crt0_standard.o)
 __c30_signature
                  0x000530          0x6 c:/program files/microchip/xc16/v2.10/bin/bin/../../lib\libc99-pic30-elf.a(data_init_standard.o)
 __c30_signature
                  0x000536          0x6 c:/program files/microchip/xc16/v2.10/bin/bin/../../lib\libc99-pic30-elf.a(delay32.Meo)
 __c30_signature
                  0x00053c          0x6 c:/program files/microchip/xc16/v2.10/bin/bin/../../lib\libc99-pic30-elf.a(floatunsisf.XX_o)
 __c30_signature
                  0x000542          0x6 c:/program files/microchip/xc16/v2.10/bin/bin/../../lib\libc99-pic30-elf.a(errno.XX_o)
 __c30_signature
                  0x000548          0x6 c:/program files/microchip/xc16/v2.10/bin/bin/../../lib\libc99-pic30-elf.a(floatundisf.XX_o)
 __c30_signature
                  0x00054e          0x6 c:/program files/microchip/xc16/v2.10/bin/bin/../../lib\libc99-pic30-elf.a(fpack.XX_o)
 __c30_signature
                  0x000554          0x6 c:/program files/microchip/xc16/v2.10/bin/bin/../../lib\libc99-elf.a(__sio_sprintf_f.XX_o)
 __c30_signature
                  0x00055a          0x6 c:/program files/microchip/xc16/v2.10/bin/bin/../../lib\libc99-elf.a(__fmt_fp.XX_o)
 __c30_signature
                  0x000560          0x6 c:/program files/microchip/xc16/v2.10/bin/bin/../../lib\libc99-elf.a(__int_vsprintf.XX_o)
 __c30_signature
                  0x000566          0x6 c:/program files/microchip/xc16/v2.10/bin/bin/../../lib\libc99-elf.a(__pop_float.XX_o)
 __c30_signature
                  0x00056c          0x6 c:/program files/microchip/xc16/v2.10/bin/bin/../../lib\libc99-elf.a(__printf_core.XX_o)
 __c30_signature
                  0x000572          0x6 c:/program files/microchip/xc16/v2.10/bin/bin/../../lib\libc99-elf.a(atoi.XX_o)
 __c30_signature
                  0x000578          0x6 c:/program files/microchip/xc16/v2.10/bin/bin/../../lib\libc99-elf.a(memcpy.XX_o)
 __c30_signature
                  0x00057e          0x6 c:/program files/microchip/xc16/v2.10/bin/bin/../../lib\libc99-elf.a(memset.XX_o)
 __c30_signature
                  0x000584          0x6 c:/program files/microchip/xc16/v2.10/bin/bin/../../lib\libc99-elf.a(strcpy.XX_o)
 __c30_signature
                  0x00058a          0x6 c:/program files/microchip/xc16/v2.10/bin/bin/../../lib\libc99-elf.a(strlen.XX_o)
 __c30_signature
                  0x000590          0x6 c:/program files/microchip/xc16/v2.10/bin/bin/../../lib\libc99-elf.a(tolower.XX_o)
 __c30_signature
                  0x000596          0x6 c:/program files/microchip/xc16/v2.10/bin/bin/../../lib\libc99-elf.a(__errno_location.XX_o)
 __c30_signature
                  0x00059c          0x6 c:/program files/microchip/xc16/v2.10/bin/bin/../../lib\libc99-elf.a(__int_vsnprintf.XX_o)
 __c30_signature
                  0x0005a2          0x6 c:/program files/microchip/xc16/v2.10/bin/bin/../../lib\libc99-elf.a(__pop_int.XX_o)
 __c30_signature
                  0x0005a8          0x6 c:/program files/microchip/xc16/v2.10/bin/bin/../../lib\libc99-elf.a(__pop_ptr.XX_o)
 __c30_signature
                  0x0005ae          0x6 c:/program files/microchip/xc16/v2.10/bin/bin/../../lib\libc99-elf.a(stpcpy.XX_o)
 __c30_signature
                  0x0005b4          0x6 c:/program files/microchip/xc16/v2.10/bin/bin/../../lib\libc99-elf.a(__int_vfprintf.XX_o)
 __c30_signature
                  0x0005ba          0x6 c:/program files/microchip/xc16/v2.10/bin/bin/../../lib\libc99-pic30-elf.a(deqltle.XX_o)
 __c30_signature
                  0x0005c0          0x6 c:/program files/microchip/xc16/v2.10/bin/bin/../../lib\libc99-pic30-elf.a(dgtge.XX_o)
 __c30_signature
                  0x0005c6          0x6 c:/program files/microchip/xc16/v2.10/bin/bin/../../lib\libc99-pic30-elf.a(extendsfdf.XX_o)
 __c30_signature
                  0x0005cc          0x6 c:/program files/microchip/xc16/v2.10/bin/bin/../../lib\libc99-pic30-elf.a(fixdfsi.XX_o)
 __c30_signature
                  0x0005d2          0x6 c:/program files/microchip/xc16/v2.10/bin/bin/../../lib\libc99-pic30-elf.a(funpack.XX_o)
 __c30_signature
                  0x0005d8          0x6 c:/program files/microchip/xc16/v2.10/bin/bin/../../lib\libc99-pic30-elf.a(mulsi3.XX_o)
 __c30_signature
                  0x0005de          0x6 c:/program files/microchip/xc16/v2.10/bin/bin/../../lib\libc99-pic30-elf.a(dpadd.XX_o)
 __c30_signature
                  0x0005e4          0x6 c:/program files/microchip/xc16/v2.10/bin/bin/../../lib\libc99-pic30-elf.a(dpdiv.XX_o)
 __c30_signature
                  0x0005ea          0x6 c:/program files/microchip/xc16/v2.10/bin/bin/../../lib\libc99-pic30-elf.a(dpmul.XX_o)
 __c30_signature
                  0x0005f0          0x6 c:/program files/microchip/xc16/v2.10/bin/bin/../../lib\libc99-pic30-elf.a(dpsubs.XX_o)
 __c30_signature
                  0x0005f6          0x6 c:/program files/microchip/xc16/v2.10/bin/bin/../../lib\libc99-pic30-elf.a(dcompare.XX_o)
 __c30_signature
                  0x0005fc          0x6 c:/program files/microchip/xc16/v2.10/bin/bin/../../lib\libc99-pic30-elf.a(dtype.XX_o)
 __c30_signature
                  0x000602          0x6 c:/program files/microchip/xc16/v2.10/bin/bin/../../lib\libc99-pic30-elf.a(dunpack.XX_o)
 __c30_signature
                  0x000608          0x6 c:/program files/microchip/xc16/v2.10/bin/bin/../../lib\libc99-pic30-elf.a(dunpack2.XX_o)
 __c30_signature
                  0x00060e          0x6 c:/program files/microchip/xc16/v2.10/bin/bin/../../lib\libc99-pic30-elf.a(dpropagateNaN.XX_o)
 __c30_signature
                  0x000614          0x6 c:/program files/microchip/xc16/v2.10/bin/bin/../../lib\libm-elf.a(floorl.XX_o)

.nbss               0x0850         0x56
 .nbss              0x0850         0x54 build/default/debug/main.o
                    0x0850                  _config1
                    0x0852                  _config2
                    0x0854                  _pwm_in1
                    0x0856                  _pwm_in2
                    0x0858                  _pwm_in3
                    0x085a                  _ancho1
                    0x085e                  _ancho2
                    0x0862                  _ancho3
                    0x0866                  _dis1
                    0x086a                  _dis2
                    0x086e                  _dis3
                    0x0872                  _texto
 .nbss              0x08a4          0x2 c:/program files/microchip/xc16/v2.10/bin/bin/../../lib\libc99-pic30-elf.a(errno.XX_o)
                    0x08a4                  _errno

.data               0x08a6         0x2e
 .data              0x08a6         0x1e c:/program files/microchip/xc16/v2.10/bin/bin/../../lib\libc99-elf.a(__printf_core.XX_o)
 .data              0x08c4         0x10 c:/program files/microchip/xc16/v2.10/bin/bin/../../lib\libc99-elf.a(__fmt_fp.XX_o)

.bss                0x08d4          0x2
 .bss               0x08d4          0x2 c:/program files/microchip/xc16/v2.10/bin/bin/../../lib\libc99-elf.a(__errno_location.XX_o)
                    0x08d4                  ___errno_val

.config_JTAGEN    0xf8000e          0x2
 .config_JTAGEN
                  0xf8000e          0x2 build/default/debug/main.o

.config_PWMPIN    0xf8000c          0x2
 .config_PWMPIN
                  0xf8000c          0x2 build/default/debug/main.o

.config_FWDTEN    0xf8000a          0x2
 .config_FWDTEN
                  0xf8000a          0x2 build/default/debug/main.o

.config_FCKSM     0xf80008          0x2
 .config_FCKSM    0xf80008          0x2 build/default/debug/main.o

.config_IESO      0xf80006          0x2
 .config_IESO     0xf80006          0x2 build/default/debug/main.o

.ivt._T1Interrupt
                  0x00001a          0x2
 .ivt._T1Interrupt
                  0x00001a          0x2 build/default/debug/main.o

.ivt._T2Interrupt
                  0x000022          0x2
 .ivt._T2Interrupt
                  0x000022          0x2 build/default/debug/main.o

.ivt._T3Interrupt
                  0x000024          0x2
 .ivt._T3Interrupt
                  0x000024          0x2 build/default/debug/main.o

.const              0x9d26         0x38 load address 0x001d26  
 .const             0x9d26         0x38 build/default/debug/main.o

.text             0x001d5e        0x1bc
 .text            0x001d5e        0x1bc build/default/debug/main.o
                  0x001d5e                  _Uart1_write_text_const
                  0x001d86                  _Uart1_write_text
                  0x001dae                  _habilita
                  0x001dc0                  _main

.dinit            0x001f1a         0x40
 .dinit           0x001f1a         0x40 data_init

.init.delay32     0x001f5a         0x1c
 .init.delay32    0x001f5a         0x1c c:/program files/microchip/xc16/v2.10/bin/bin/../../lib\libc99-pic30-elf.a(delay32.Meo)
                  0x001f5a                  ___delay32
